// Jest Snapshot v1, https://goo.gl/fbAQLP

exports[`generateComponentsFileContents snapshot test 1`] = `
"import Component0 from \\"example/components/DefaultExport.tsx\\";
import {Button2 as Component1} from \\"example/components/Mixed.tsx\\";
import Component4, {Button as Component2, Button2 as Component3} from \\"example/components/MultipleExports.tsx\\";
import {Button as Component5} from \\"example/components/NamedExport.tsx\\";
import {Button as Component6} from \\"example/index.jsx\\";
import {Button as Component7} from \\"example/javascript.jsx\\";
import {Button as Component8, theme as Theme0} from \\"example/mixed.tsx\\";
import Theme1 from \\"example/themes/default-export.ts\\";
import {theme2 as Theme2} from \\"example/themes/mixed.ts\\";
import Theme5, {theme as Theme3, theme2 as Theme4} from \\"example/themes/multiple-exports.ts\\";
import {theme as Theme6} from \\"example/themes/named-export.ts\\";
import {Button as Component9} from \\"example/typescript.tsx\\";

import * as React from \\"react\\";
import * as ReactDOM from \\"react-dom\\";

export { React as UserReact, ReactDOM as UserReactDOM };

export let StyledComponents;
try {
  StyledComponents = require(\\"styled-components\\");
} catch (e) {
  StyledComponents = null;
}

export const components = [
  {path: \\"components/DefaultExport.tsx\\", name: \\"default\\", component: Component0},
  {path: \\"components/Mixed.tsx\\", name: \\"Button2\\", component: Component1},
  {path: \\"components/MultipleExports.tsx\\", name: \\"Button\\", component: Component2},
  {path: \\"components/MultipleExports.tsx\\", name: \\"Button2\\", component: Component3},
  {path: \\"components/MultipleExports.tsx\\", name: \\"default\\", component: Component4},
  {path: \\"components/NamedExport.tsx\\", name: \\"Button\\", component: Component5},
  {path: \\"index.jsx\\", name: \\"Button\\", component: Component6},
  {path: \\"javascript.jsx\\", name: \\"Button\\", component: Component7},
  {path: \\"mixed.tsx\\", name: \\"Button\\", component: Component8},
  {path: \\"typescript.tsx\\", name: \\"Button\\", component: Component9}
];

export const themes = [
  {path: \\"mixed.tsx\\", name: \\"theme\\", theme: Theme0},
  {path: \\"themes/default-export.ts\\", name: \\"default\\", theme: Theme1},
  {path: \\"themes/mixed.ts\\", name: \\"theme2\\", theme: Theme2},
  {path: \\"themes/multiple-exports.ts\\", name: \\"theme\\", theme: Theme3},
  {path: \\"themes/multiple-exports.ts\\", name: \\"theme2\\", theme: Theme4},
  {path: \\"themes/multiple-exports.ts\\", name: \\"default\\", theme: Theme5},
  {path: \\"themes/named-export.ts\\", name: \\"theme\\", theme: Theme6}
];
"
`;
