// Jest Snapshot v1, https://goo.gl/fbAQLP

exports[`Storyshots Component base 1`] = `
<div
  className="sc-bxivhb hWTdfY"
>
  <div
    className="sc-ifAKCX cZFrkc"
  >
    <div
      className="sc-bdVaJa hLhmaC"
    >
      <div
        className="example-title sc-htpNat ftxkKe"
      >
        Example 1
      </div>
      <div
        className="example-contents sc-bwzfXH gThQMU"
      >
        <div>
          Tom
        </div>
      </div>
    </div>
  </div>
</div>
`;

exports[`Storyshots Sidebar closed 1`] = `
<div
  className="sidebar sc-dnqmqq eZQgbs"
>
  <div
    className="sc-jTzLTM gArCnl"
  >
    <span
      className="sidebar-toggle sc-fjdhpX kmpZsN"
      onClick={[Function]}
    >
      <svg
        aria-hidden="true"
        className="svg-inline--fa fa-list fa-w-16 fa-lg "
        data-icon="list"
        data-prefix="fas"
        focusable="false"
        role="img"
        style={Object {}}
        viewBox="0 0 512 512"
        xmlns="http://www.w3.org/2000/svg"
      >
        <path
          d="M128 116V76c0-8.837 7.163-16 16-16h352c8.837 0 16 7.163 16 16v40c0 8.837-7.163 16-16 16H144c-8.837 0-16-7.163-16-16zm16 176h352c8.837 0 16-7.163 16-16v-40c0-8.837-7.163-16-16-16H144c-8.837 0-16 7.163-16 16v40c0 8.837 7.163 16 16 16zm0 160h352c8.837 0 16-7.163 16-16v-40c0-8.837-7.163-16-16-16H144c-8.837 0-16 7.163-16 16v40c0 8.837 7.163 16 16 16zM16 144h64c8.837 0 16-7.163 16-16V64c0-8.837-7.163-16-16-16H16C7.163 48 0 55.163 0 64v64c0 8.837 7.163 16 16 16zm0 160h64c8.837 0 16-7.163 16-16v-64c0-8.837-7.163-16-16-16H16c-8.837 0-16 7.163-16 16v64c0 8.837 7.163 16 16 16zm0 160h64c8.837 0 16-7.163 16-16v-64c0-8.837-7.163-16-16-16H16c-8.837 0-16 7.163-16 16v64c0 8.837 7.163 16 16 16z"
          fill="currentColor"
          style={Object {}}
        />
      </svg>
    </span>
  </div>
</div>
`;

exports[`Storyshots Sidebar open 1`] = `
<div
  className="sidebar sc-dnqmqq chMGV"
>
  <div
    className="sc-jTzLTM gArCnl"
  >
    <a
      className="sc-gZMcBi cqlAIU"
      href="/"
      onClick={[Function]}
    >
      <div
        className="title sc-gqjmRU hqonMf"
      >
        <img
          alt=""
          className="logo sc-htoDjs bqkGJk"
        />
        Snoopy
      </div>
    </a>
  </div>
  <hr
    className="sc-VigVT jCKRFH"
  />
  <div
    className="component-list sc-EHOje fpqoIO"
  >
    <a
      className="sc-gzVnrw frFvIN"
      href="/App"
      onClick={[Function]}
    >
      <div
        className="sc-bZQynM IlDkx"
        selected={false}
      >
        App
      </div>
    </a>
  </div>
</div>
`;
